Generating for 1-17 (A3 [1] K=[])
  Error: No module named 'sympy'
Generating for 1-16 (A4 [1] K=[[2]])
  Error: No module named 'sympy'
Generating for 1-15 (A4 [2] K=[[1], [1], [1]])
  Error: No module named 'sympy'
Generating for 1-14 (A5 [1] K=[[2], [2]])
  Error: No module named 'sympy'
Generating for 1-13 (A4 [1] K=[[3]])
  Error: No module named 'sympy'
Generating for 1-7 (A5 [2] K=[[1], [1], [1], [1], [1]])
  Error: No module named 'sympy'
Generating for 1-5 (A4 [2] K=[[1], [1], [2]])
  Error: No module named 'sympy'
Generating for 1-4 (A6 [1] K=[[2], [2], [2]])
  Error: No module named 'sympy'
Generating for 1-3 (A5 [1] K=[[2], [3]])
  Error: No module named 'sympy'
Generating for 2-24 (A2 [1, 2] K=[])
  Error: No module named 'sympy'
